// Jest Snapshot v1, https://goo.gl/fbAQLP

exports[`<App /> renders correctly 1`] = `null`;

exports[`<App /> should match snapshot 1`] = `null`;
